exports[`getDisplayName falls back when an unidentified type is supplied 1`] = `"Unknown Element"`;

exports[`getDisplayName returns expected value for a string type with an id 1`] = `"div#expectedId"`;

exports[`getDisplayName returns expected value for a string type with an id 2`] = `"div#expectedId"`;

exports[`getDisplayName returns expected value for a string type with class names 1`] = `"div.expectedClassName.anotherExpectedClassName"`;

exports[`getDisplayName returns expected value for a string type with no id or className 1`] = `"ExpectedValue"`;

exports[`getDisplayName returns expected value for a type with a displayName 1`] = `"ExpectedValue"`;

exports[`getDisplayName returns expected value for a type with an implicit function name 1`] = `"ExpectedValue"`;
